// Vitest Snapshot v1, https://vitest.dev/guide/snapshot.html

exports[`a single flick > matches the golden result for a fixed shot (same Node version) 1`] = `
{
  "collisions": [
    {
      "a": 0,
      "b": 1,
      "impulse": 728,
      "tick": 14,
    },
    {
      "a": 0,
      "b": 1,
      "impulse": 842,
      "tick": 19,
    },
    {
      "a": 1,
      "b": 2,
      "impulse": 276,
      "tick": 30,
    },
    {
      "a": 1,
      "b": 2,
      "impulse": 123,
      "tick": 34,
    },
    {
      "a": 0,
      "b": 1,
      "impulse": 93,
      "tick": 35,
    },
    {
      "a": 1,
      "b": 2,
      "impulse": 54,
      "tick": 36,
    },
    {
      "a": 0,
      "b": 1,
      "impulse": 54,
      "tick": 37,
    },
  ],
  "final": [
    {
      "a": 12481,
      "alive": true,
      "seat": 0,
      "x": 729,
      "y": -81,
    },
    {
      "a": 13762,
      "alive": true,
      "seat": 1,
      "x": 1063,
      "y": 54,
    },
    {
      "a": 7616,
      "alive": true,
      "seat": 2,
      "x": 2103,
      "y": 1500,
    },
  ],
  "steps": 49,
}
`;
